=== RUN   TestFullProofBytes_Production_USDC_RethHashed
    reth_hashed_test.go:58: setup: 8ms
    reth_hashed_test.go:70: acct walk: 0s — hops=7 siblings=97 leafFound=true
    reth_hashed_test.go:84: acct FullProofBytes: 0s — 9 nodes / 3779 bytes
fatal error: runtime: cannot allocate memory

runtime stack:
runtime.throw({0x7ff7631be503?, 0x8?})
	C:/Program Files/Go/src/runtime/panic.go:1094 +0x4d fp=0xb1203ff880 sp=0xb1203ff850 pc=0x7ff762c5b78d
runtime.persistentalloc1(0x3fc0, 0xb1203ff8f8?, 0x7ff763821468)
	C:/Program Files/Go/src/runtime/malloc.go:1969 +0x265 fp=0xb1203ff8d8 sp=0xb1203ff880 pc=0x7ff762bf8725
runtime.persistentalloc.func1()
	C:/Program Files/Go/src/runtime/malloc.go:1922 +0x28 fp=0xb1203ff908 sp=0xb1203ff8d8 pc=0x7ff762bf84a8
runtime.persistentalloc(0x7ff762bfd208?, 0x7ff7630154a0?, 0xd46398a000?)
	C:/Program Files/Go/src/runtime/malloc.go:1921 +0x45 fp=0xb1203ff950 sp=0xb1203ff908 pc=0x7ff762bf8445
runtime.(*fixalloc).alloc(0x7ff7637f2538)
	C:/Program Files/Go/src/runtime/mfixalloc.go:90 +0x77 fp=0xb1203ff988 sp=0xb1203ff950 pc=0x7ff762c00617
runtime.(*mheap).allocMSpanLocked(0x7ff7637dbaa0)
	C:/Program Files/Go/src/runtime/mheap.go:1172 +0x9b fp=0xb1203ff9b8 sp=0xb1203ff988 pc=0x7ff762c104bb
runtime.(*mheap).allocSpan(0x7ff7637dbaa0, 0x1, 0x0, 0x17)
	C:/Program Files/Go/src/runtime/mheap.go:1313 +0x21e fp=0xb1203ffa60 sp=0xb1203ff9b8 pc=0x7ff762c1071e
runtime.(*mheap).alloc.func1()
	C:/Program Files/Go/src/runtime/mheap.go:1017 +0x5c fp=0xb1203ffaa8 sp=0xb1203ffa60 pc=0x7ff762c1015c
runtime.systemstack(0xc0002bae00)
	C:/Program Files/Go/src/runtime/asm_amd64.s:513 +0x49 fp=0xb1203ffab8 sp=0xb1203ffaa8 pc=0x7ff762c619c9

goroutine 19 gp=0xc0001ce540 m=21 mp=0xc02b580008 [running]:
runtime.systemstack_switch()
	C:/Program Files/Go/src/runtime/asm_amd64.s:478 +0x8 fp=0xc0003ccf80 sp=0xc0003ccf70 pc=0x7ff762c61968
runtime.(*mheap).alloc(0x0?, 0x1d22e6?, 0x7?)
	C:/Program Files/Go/src/runtime/mheap.go:1011 +0x5b fp=0xc0003ccfc8 sp=0xc0003ccf80 pc=0x7ff762c100bb
runtime.(*mcentral).grow(0x2000?)
	C:/Program Files/Go/src/runtime/mcentral.go:253 +0x36 fp=0xc0003ccff8 sp=0xc0003ccfc8 pc=0x7ff762bfb396
runtime.(*mcentral).cacheSpan(0x7ff7637ed078)
	C:/Program Files/Go/src/runtime/mcentral.go:171 +0x42e fp=0xc0003cd070 sp=0xc0003ccff8 pc=0x7ff762bfb22e
runtime.(*mcache).refill(0x1bc26cb05a0, 0x17?)
	C:/Program Files/Go/src/runtime/mcache.go:184 +0x153 fp=0xc0003cd0b0 sp=0xc0003cd070 pc=0x7ff762bfa853
runtime.(*mcache).nextFree(0x1bc26cb05a0, 0x17)
	C:/Program Files/Go/src/runtime/malloc.go:968 +0x7e fp=0xc0003cd0e8 sp=0xc0003cd0b0 pc=0x7ff762bf6e1e
runtime.mallocgcSmallNoscan(0x0?, 0xc02b580008?, 0x80?)
	C:/Program Files/Go/src/runtime/malloc.go:1295 +0x195 fp=0xc0003cd140 sp=0xc0003cd0e8 pc=0x7ff762bf7415
runtime.mallocgc(0x81, 0x7ff7630ea560, 0x1)
	C:/Program Files/Go/src/runtime/malloc.go:1059 +0xc5 fp=0xc0003cd170 sp=0xc0003cd140 pc=0x7ff762c58fc5
runtime.makeslice(0xd46398a4c0?, 0x7ff700000009?, 0x36f00000000?)
	C:/Program Files/Go/src/runtime/slice.go:116 +0x49 fp=0xc0003cd198 sp=0xc0003cd170 pc=0x7ff762c5d229
github.com/n42blockchain/N42/internal/mptproof.appendStorageSubLeaf(0xc0003cd3f8, {0xd46398a340, 0x40, 0x40?}, {0x36f1d12599c?, 0x20, 0x21?}, {0x36f1d1259bc, 0x14, 0x14}, ...)
	C:/N42/N42-gov5/internal/mptproof/reth_hashed.go:276 +0x23e fp=0xc0003cd2a0 sp=0xc0003cd198 pc=0x7ff762f7951e
github.com/n42blockchain/N42/internal/mptproof.(*RethHashedLeafSource).StorageByHashedPrefix(0x7ff76308c6a0?, {0xc0003b4500, 0x0, 0x80})
	C:/N42/N42-gov5/internal/mptproof/reth_hashed.go:227 +0xd68 fp=0xc0003cd4d0 sp=0xc0003cd2a0 pc=0x7ff762f79128
github.com/n42blockchain/N42/internal/mptproof.collectStorageLeavesWithPrefix({0x7ff7633bc1e0, 0xc000110b40}, {0xc0003b4500, 0x0, 0x80})
	C:/N42/N42-gov5/internal/mptproof/verify_subtree.go:160 +0x10a fp=0xc0003cd508 sp=0xc0003cd4d0 pc=0x7ff762f7edca
github.com/n42blockchain/N42/internal/mptproof.storageSubtreeBuilder.subLeavesByPrefix(...)
	C:/N42/N42-gov5/internal/mptproof/wire_full.go:106
github.com/n42blockchain/N42/internal/mptproof.(*storageSubtreeBuilder).subLeavesByPrefix(0x7ff7631431e0?, {0xc0003b4500?, 0x72ebf7c7dc6e299b?, 0x9c004e622fa72041?})
	<autogenerated>:1 +0x3d fp=0xc0003cd540 sp=0xc0003cd508 pc=0x7ff762f9db5d
github.com/n42blockchain/N42/internal/mptproof.(*Generator).fullProofBytesDense(0xc0001257a0, {0xc000126874, 0x40, 0xc00013cd00?}, {0xc000134a50, 0x14, 0x14}, 0x1, 0xc00014adc0, 0xc00035ec30)
	C:/N42/N42-gov5/internal/mptproof/wire_full_dense.go:106 +0x997 fp=0xc0003cdb90 sp=0xc0003cd540 pc=0x7ff762f84cf7
github.com/n42blockchain/N42/internal/mptproof.(*Generator).FullStorageProofBytes(0x368b21c69169b8a0?, 0xceb09e2e4a9dd1c1?)
	C:/N42/N42-gov5/internal/mptproof/wire_full.go:58 +0x57 fp=0xc0003cdc10 sp=0xc0003cdb90 pc=0x7ff762f82b57
github.com/n42blockchain/N42/internal/mptproof.TestFullProofBytes_Production_USDC_RethHashed(0xc000106540)
	C:/N42/N42-gov5/internal/mptproof/reth_hashed_test.go:113 +0xcbf fp=0xc0003cdf70 sp=0xc0003cdc10 pc=0x7ff762f91d1f
testing.tRunner(0xc000106540, 0x7ff763339610)
	C:/Program Files/Go/src/testing/testing.go:1934 +0xc3 fp=0xc0003cdfc0 sp=0xc0003cdf70 pc=0x7ff762d06c23
testing.(*T).Run.gowrap1()
	C:/Program Files/Go/src/testing/testing.go:1997 +0x25 fp=0xc0003cdfe0 sp=0xc0003cdfc0 pc=0x7ff762d07d05
runtime.goexit({})
	C:/Program Files/Go/src/runtime/asm_amd64.s:1693 +0x1 fp=0xc0003cdfe8 sp=0xc0003cdfe0 pc=0x7ff762c639a1
created by testing.(*T).Run in goroutine 1
	C:/Program Files/Go/src/testing/testing.go:1997 +0x44b

goroutine 1 gp=0xc0000021c0 m=nil [chan receive, 18 minutes]:
runtime.gopark(0x7ff7633b82e0?, 0x300f762c635df?, 0xa8?, 0x14?, 0x1bc26cb05a0?)
	C:/Program Files/Go/src/runtime/proc.go:460 +0xce fp=0xc0006879a8 sp=0xc000687988 pc=0x7ff762c5b8ae
runtime.chanrecv(0xc0003b4180, 0xc0001dda8f, 0x1)
	C:/Program Files/Go/src/runtime/chan.go:667 +0x473 fp=0xc000687a20 sp=0xc0006879a8 pc=0x7ff762befc53
runtime.chanrecv1(0x7ff7637cee20?, 0x7ff7633c6b80?)
	C:/Program Files/Go/src/runtime/chan.go:509 +0x12 fp=0xc000687a48 sp=0xc000687a20 pc=0x7ff762bef7b2
testing.(*T).Run(0xc000106380, {0x7ff7631c692e?, 0x7ff7630155b0?}, 0x7ff763339610)
	C:/Program Files/Go/src/testing/testing.go:2005 +0x469 fp=0xc000687b10 sp=0xc000687a48 pc=0x7ff762d07b89
testing.runTests.func1(0xc000106380)
	C:/Program Files/Go/src/testing/testing.go:2477 +0x37 fp=0xc000687b50 sp=0xc000687b10 pc=0x7ff762d09f37
testing.tRunner(0xc000106380, 0xc0001ddc70)
	C:/Program Files/Go/src/testing/testing.go:1934 +0xc3 fp=0xc000687ba0 sp=0xc000687b50 pc=0x7ff762d06c23
testing.runTests(0xc000136c78, {0x7ff7630a6860, 0x2e, 0x2e}, {0x7?, 0xc000139680?, 0x7ff7637cfa80?})
	C:/Program Files/Go/src/testing/testing.go:2475 +0x4b4 fp=0xc000687ca0 sp=0xc000687ba0 pc=0x7ff762d09e14
testing.(*M).Run(0xc00015b540)
	C:/Program Files/Go/src/testing/testing.go:2337 +0x63a fp=0xc000687ed0 sp=0xc000687ca0 pc=0x7ff762d087ba
main.main()
	_testmain.go:135 +0x9b fp=0xc000687f50 sp=0xc000687ed0 pc=0x7ff762f9eb9b
runtime.main()
	C:/Program Files/Go/src/runtime/proc.go:285 +0x27d fp=0xc000687fe0 sp=0xc000687f50 pc=0x7ff762c271bd
runtime.goexit({})
	C:/Program Files/Go/src/runtime/asm_amd64.s:1693 +0x1 fp=0xc000687fe8 sp=0xc000687fe0 pc=0x7ff762c639a1

goroutine 2 gp=0xc0000028c0 m=nil [force gc (idle), 10 minutes]:
runtime.gopark(0x1491094cd6a4c?, 0x0?, 0x0?, 0x0?, 0x0?)
	C:/Program Files/Go/src/runtime/proc.go:460 +0xce fp=0xc000097fa8 sp=0xc000097f88 pc=0x7ff762c5b8ae
runtime.goparkunlock(...)
	C:/Program Files/Go/src/runtime/proc.go:466
runtime.forcegchelper()
	C:/Program Files/Go/src/runtime/proc.go:373 +0xb8 fp=0xc000097fe0 sp=0xc000097fa8 pc=0x7ff762c274d8
runtime.goexit({})
	C:/Program Files/Go/src/runtime/asm_amd64.s:1693 +0x1 fp=0xc000097fe8 sp=0xc000097fe0 pc=0x7ff762c639a1
created by runtime.init.7 in goroutine 1
	C:/Program Files/Go/src/runtime/proc.go:361 +0x1a

goroutine 3 gp=0xc000002c40 m=nil [GC sweep wait]:
runtime.gopark(0x1?, 0x0?, 0x0?, 0x0?, 0x0?)
	C:/Program Files/Go/src/runtime/proc.go:460 +0xce fp=0xc000099f80 sp=0xc000099f60 pc=0x7ff762c5b8ae
runtime.goparkunlock(...)
	C:/Program Files/Go/src/runtime/proc.go:466
runtime.bgsweep(0xc0000a6000)
	C:/Program Files/Go/src/runtime/mgcsweep.go:323 +0xdf fp=0xc000099fc8 sp=0xc000099f80 pc=0x7ff762c0ca3f
runtime.gcenable.gowrap1()
	C:/Program Files/Go/src/runtime/mgc.go:212 +0x25 fp=0xc000099fe0 sp=0xc000099fc8 pc=0x7ff762c008c5
runtime.goexit({})
	C:/Program Files/Go/src/runtime/asm_amd64.s:1693 +0x1 fp=0xc000099fe8 sp=0xc000099fe0 pc=0x7ff762c639a1
created by runtime.gcenable in goroutine 1
	C:/Program Files/Go/src/runtime/mgc.go:212 +0x66

goroutine 4 gp=0xc000002e00 m=nil [GC scavenge wait]:
runtime.gopark(0x10000?, 0x1ae9ca?, 0x0?, 0x0?, 0x0?)
	C:/Program Files/Go/src/runtime/proc.go:460 +0xce fp=0xc0000adf78 sp=0xc0000adf58 pc=0x7ff762c5b8ae
runtime.goparkunlock(...)
	C:/Program Files/Go/src/runtime/proc.go:466
runtime.(*scavengerState).park(0x7ff7637cfc80)
	C:/Program Files/Go/src/runtime/mgcscavenge.go:425 +0x49 fp=0xc0000adfa8 sp=0xc0000adf78 pc=0x7ff762c0a4a9
runtime.bgscavenge(0xc0000a6000)
	C:/Program Files/Go/src/runtime/mgcscavenge.go:658 +0x59 fp=0xc0000adfc8 sp=0xc0000adfa8 pc=0x7ff762c0aa59
runtime.gcenable.gowrap2()
	C:/Program Files/Go/src/runtime/mgc.go:213 +0x25 fp=0xc0000adfe0 sp=0xc0000adfc8 pc=0x7ff762c00865
runtime.goexit({})
	C:/Program Files/Go/src/runtime/asm_amd64.s:1693 +0x1 fp=0xc0000adfe8 sp=0xc0000adfe0 pc=0x7ff762c639a1
created by runtime.gcenable in goroutine 1
	C:/Program Files/Go/src/runtime/mgc.go:213 +0xa5

goroutine 5 gp=0xc000003180 m=nil [GOMAXPROCS updater (idle), 18 minutes]:
runtime.gopark(0x0?, 0x0?, 0x0?, 0x0?, 0x0?)
	C:/Program Files/Go/src/runtime/proc.go:460 +0xce fp=0xc0000aff88 sp=0xc0000aff68 pc=0x7ff762c5b8ae
runtime.goparkunlock(...)
	C:/Program Files/Go/src/runtime/proc.go:466
runtime.updateMaxProcsGoroutine()
	C:/Program Files/Go/src/runtime/proc.go:6720 +0xe7 fp=0xc0000affe0 sp=0xc0000aff88 pc=0x7ff762c35507
runtime.goexit({})
	C:/Program Files/Go/src/runtime/asm_amd64.s:1693 +0x1 fp=0xc0000affe8 sp=0xc0000affe0 pc=0x7ff762c639a1
created by runtime.defaultGOMAXPROCSUpdateEnable in goroutine 1
	C:/Program Files/Go/src/runtime/proc.go:6708 +0x37

goroutine 6 gp=0xc000003500 m=nil [finalizer wait, 18 minutes]:
runtime.gopark(0x0?, 0x0?, 0x0?, 0x0?, 0x0?)
	C:/Program Files/Go/src/runtime/proc.go:460 +0xce fp=0xc0000a9e20 sp=0xc0000a9e00 pc=0x7ff762c5b8ae
runtime.runFinalizers()
	C:/Program Files/Go/src/runtime/mfinal.go:210 +0x107 fp=0xc0000a9fe0 sp=0xc0000a9e20 pc=0x7ff762bff807
runtime.goexit({})
	C:/Program Files/Go/src/runtime/asm_amd64.s:1693 +0x1 fp=0xc0000a9fe8 sp=0xc0000a9fe0 pc=0x7ff762c639a1
created by runtime.createfing in goroutine 1
	C:/Program Files/Go/src/runtime/mfinal.go:172 +0x3d

goroutine 7 gp=0xc0001ce380 m=nil [cleanup wait, 18 minutes]:
runtime.gopark(0x0?, 0x101000000000000?, 0xaf?, 0x0?, 0x2?)
	C:/Program Files/Go/src/runtime/proc.go:460 +0xce fp=0xc00009bf68 sp=0xc00009bf48 pc=0x7ff762c5b8ae
runtime.goparkunlock(...)
	C:/Program Files/Go/src/runtime/proc.go:466
runtime.(*cleanupQueue).dequeue(0x7ff7637cff60)
	C:/Program Files/Go/src/runtime/mcleanup.go:439 +0xc5 fp=0xc00009bfa0 sp=0xc00009bf68 pc=0x7ff762bfc6c5
runtime.runCleanups()
	C:/Program Files/Go/src/runtime/mcleanup.go:635 +0x45 fp=0xc00009bfe0 sp=0xc00009bfa0 pc=0x7ff762bfcd85
runtime.goexit({})
	C:/Program Files/Go/src/runtime/asm_amd64.s:1693 +0x1 fp=0xc00009bfe8 sp=0xc00009bfe0 pc=0x7ff762c639a1
created by runtime.(*cleanupQueue).createGs in goroutine 1
	C:/Program Files/Go/src/runtime/mcleanup.go:589 +0xa5

goroutine 9 gp=0xc0001ce700 m=nil [GC worker (idle)]:
runtime.gopark(0x7ff76381b260?, 0x1?, 0x20?, 0xd5?, 0x0?)
	C:/Program Files/Go/src/runtime/proc.go:460 +0xce fp=0xc00025ff38 sp=0xc00025ff18 pc=0x7ff762c5b8ae
runtime.gcBgMarkWorker(0xc0000b47e0)
	C:/Program Files/Go/src/runtime/mgc.go:1463 +0xeb fp=0xc00025ffc8 sp=0xc00025ff38 pc=0x7ff762c0304b
runtime.gcBgMarkStartWorkers.gowrap1()
	C:/Program Files/Go/src/runtime/mgc.go:1373 +0x25 fp=0xc00025ffe0 sp=0xc00025ffc8 pc=0x7ff762c02f25
runtime.goexit({})
	C:/Program Files/Go/src/runtime/asm_amd64.s:1693 +0x1 fp=0xc00025ffe8 sp=0xc00025ffe0 pc=0x7ff762c639a1
created by runtime.gcBgMarkStartWorkers in goroutine 19
	C:/Program Files/Go/src/runtime/mgc.go:1373 +0x105

goroutine 10 gp=0xc0001ce8c0 m=nil [GC worker (idle), 14 minutes]:
runtime.gopark(0x148bb64228530?, 0x3?, 0x8?, 0xfa?, 0x0?)
	C:/Program Files/Go/src/runtime/proc.go:460 +0xce fp=0xc000261f38 sp=0xc000261f18 pc=0x7ff762c5b8ae
runtime.gcBgMarkWorker(0xc0000b47e0)
	C:/Program Files/Go/src/runtime/mgc.go:1463 +0xeb fp=0xc000261fc8 sp=0xc000261f38 pc=0x7ff762c0304b
runtime.gcBgMarkStartWorkers.gowrap1()
	C:/Program Files/Go/src/runtime/mgc.go:1373 +0x25 fp=0xc000261fe0 sp=0xc000261fc8 pc=0x7ff762c02f25
runtime.goexit({})
	C:/Program Files/Go/src/runtime/asm_amd64.s:1693 +0x1 fp=0xc000261fe8 sp=0xc000261fe0 pc=0x7ff762c639a1
created by runtime.gcBgMarkStartWorkers in goroutine 19
	C:/Program Files/Go/src/runtime/mgc.go:1373 +0x105

goroutine 11 gp=0xc0001cea80 m=nil [GC worker (idle), 14 minutes]:
runtime.gopark(0x148bb64228530?, 0x3?, 0xe8?, 0xd?, 0x0?)
	C:/Program Files/Go/src/runtime/proc.go:460 +0xce fp=0xc00025bf38 sp=0xc00025bf18 pc=0x7ff762c5b8ae
runtime.gcBgMarkWorker(0xc0000b47e0)
	C:/Program Files/Go/src/runtime/mgc.go:1463 +0xeb fp=0xc00025bfc8 sp=0xc00025bf38 pc=0x7ff762c0304b
runtime.gcBgMarkStartWorkers.gowrap1()
	C:/Program Files/Go/src/runtime/mgc.go:1373 +0x25 fp=0xc00025bfe0 sp=0xc00025bfc8 pc=0x7ff762c02f25
runtime.goexit({})
	C:/Program Files/Go/src/runtime/asm_amd64.s:1693 +0x1 fp=0xc00025bfe8 sp=0xc00025bfe0 pc=0x7ff762c639a1
created by runtime.gcBgMarkStartWorkers in goroutine 19
	C:/Program Files/Go/src/runtime/mgc.go:1373 +0x105

goroutine 12 gp=0xc0001cec40 m=nil [GC worker (idle), 14 minutes]:
runtime.gopark(0x7ff76381b260?, 0x1?, 0xd4?, 0xb?, 0x0?)
	C:/Program Files/Go/src/runtime/proc.go:460 +0xce fp=0xc00025df38 sp=0xc00025df18 pc=0x7ff762c5b8ae
runtime.gcBgMarkWorker(0xc0000b47e0)
	C:/Program Files/Go/src/runtime/mgc.go:1463 +0xeb fp=0xc00025dfc8 sp=0xc00025df38 pc=0x7ff762c0304b
runtime.gcBgMarkStartWorkers.gowrap1()
	C:/Program Files/Go/src/runtime/mgc.go:1373 +0x25 fp=0xc00025dfe0 sp=0xc00025dfc8 pc=0x7ff762c02f25
runtime.goexit({})
	C:/Program Files/Go/src/runtime/asm_amd64.s:1693 +0x1 fp=0xc00025dfe8 sp=0xc00025dfe0 pc=0x7ff762c639a1
created by runtime.gcBgMarkStartWorkers in goroutine 19
	C:/Program Files/Go/src/runtime/mgc.go:1373 +0x105

goroutine 13 gp=0xc0001cee00 m=nil [GC worker (idle), 14 minutes]:
runtime.gopark(0x148bb64228530?, 0x3?, 0x40?, 0x15?, 0x0?)
	C:/Program Files/Go/src/runtime/proc.go:460 +0xce fp=0xc000269f38 sp=0xc000269f18 pc=0x7ff762c5b8ae
runtime.gcBgMarkWorker(0xc0000b47e0)
	C:/Program Files/Go/src/runtime/mgc.go:1463 +0xeb fp=0xc000269fc8 sp=0xc000269f38 pc=0x7ff762c0304b
runtime.gcBgMarkStartWorkers.gowrap1()
	C:/Program Files/Go/src/runtime/mgc.go:1373 +0x25 fp=0xc000269fe0 sp=0xc000269fc8 pc=0x7ff762c02f25
runtime.goexit({})
	C:/Program Files/Go/src/runtime/asm_amd64.s:1693 +0x1 fp=0xc000269fe8 sp=0xc000269fe0 pc=0x7ff762c639a1
created by runtime.gcBgMarkStartWorkers in goroutine 19
	C:/Program Files/Go/src/runtime/mgc.go:1373 +0x105

goroutine 14 gp=0xc0001cefc0 m=nil [GC worker (idle), 14 minutes]:
runtime.gopark(0x148bb64228530?, 0x3?, 0xec?, 0xbe?, 0x0?)
	C:/Program Files/Go/src/runtime/proc.go:460 +0xce fp=0xc00026bf38 sp=0xc00026bf18 pc=0x7ff762c5b8ae
runtime.gcBgMarkWorker(0xc0000b47e0)
	C:/Program Files/Go/src/runtime/mgc.go:1463 +0xeb fp=0xc00026bfc8 sp=0xc00026bf38 pc=0x7ff762c0304b
runtime.gcBgMarkStartWorkers.gowrap1()
	C:/Program Files/Go/src/runtime/mgc.go:1373 +0x25 fp=0xc00026bfe0 sp=0xc00026bfc8 pc=0x7ff762c02f25
runtime.goexit({})
	C:/Program Files/Go/src/runtime/asm_amd64.s:1693 +0x1 fp=0xc00026bfe8 sp=0xc00026bfe0 pc=0x7ff762c639a1
created by runtime.gcBgMarkStartWorkers in goroutine 19
	C:/Program Files/Go/src/runtime/mgc.go:1373 +0x105

goroutine 15 gp=0xc0001cf180 m=nil [GC worker (idle), 10 minutes]:
runtime.gopark(0x7ff76381b260?, 0x1?, 0x44?, 0xe6?, 0x0?)
	C:/Program Files/Go/src/runtime/proc.go:460 +0xce fp=0xc000265f38 sp=0xc000265f18 pc=0x7ff762c5b8ae
runtime.gcBgMarkWorker(0xc0000b47e0)
	C:/Program Files/Go/src/runtime/mgc.go:1463 +0xeb fp=0xc000265fc8 sp=0xc000265f38 pc=0x7ff762c0304b
runtime.gcBgMarkStartWorkers.gowrap1()
	C:/Program Files/Go/src/runtime/mgc.go:1373 +0x25 fp=0xc000265fe0 sp=0xc000265fc8 pc=0x7ff762c02f25
runtime.goexit({})
	C:/Program Files/Go/src/runtime/asm_amd64.s:1693 +0x1 fp=0xc000265fe8 sp=0xc000265fe0 pc=0x7ff762c639a1
created by runtime.gcBgMarkStartWorkers in goroutine 19
	C:/Program Files/Go/src/runtime/mgc.go:1373 +0x105

goroutine 20 gp=0xc000106700 m=nil [GC worker (idle), 14 minutes]:
runtime.gopark(0x7ff76381b260?, 0x1?, 0xd4?, 0xb?, 0x0?)
	C:/Program Files/Go/src/runtime/proc.go:460 +0xce fp=0xc0000abf38 sp=0xc0000abf18 pc=0x7ff762c5b8ae
runtime.gcBgMarkWorker(0xc0000b47e0)
	C:/Program Files/Go/src/runtime/mgc.go:1463 +0xeb fp=0xc0000abfc8 sp=0xc0000abf38 pc=0x7ff762c0304b
runtime.gcBgMarkStartWorkers.gowrap1()
	C:/Program Files/Go/src/runtime/mgc.go:1373 +0x25 fp=0xc0000abfe0 sp=0xc0000abfc8 pc=0x7ff762c02f25
runtime.goexit({})
	C:/Program Files/Go/src/runtime/asm_amd64.s:1693 +0x1 fp=0xc0000abfe8 sp=0xc0000abfe0 pc=0x7ff762c639a1
created by runtime.gcBgMarkStartWorkers in goroutine 19
	C:/Program Files/Go/src/runtime/mgc.go:1373 +0x105

goroutine 34 gp=0xc00028a000 m=nil [GC worker (idle), 14 minutes]:
runtime.gopark(0x7ff76381b260?, 0x1?, 0xdc?, 0x5?, 0x0?)
	C:/Program Files/Go/src/runtime/proc.go:460 +0xce fp=0xc000291f38 sp=0xc000291f18 pc=0x7ff762c5b8ae
runtime.gcBgMarkWorker(0xc0000b47e0)
	C:/Program Files/Go/src/runtime/mgc.go:1463 +0xeb fp=0xc000291fc8 sp=0xc000291f38 pc=0x7ff762c0304b
runtime.gcBgMarkStartWorkers.gowrap1()
	C:/Program Files/Go/src/runtime/mgc.go:1373 +0x25 fp=0xc000291fe0 sp=0xc000291fc8 pc=0x7ff762c02f25
runtime.goexit({})
	C:/Program Files/Go/src/runtime/asm_amd64.s:1693 +0x1 fp=0xc000291fe8 sp=0xc000291fe0 pc=0x7ff762c639a1
created by runtime.gcBgMarkStartWorkers in goroutine 19
	C:/Program Files/Go/src/runtime/mgc.go:1373 +0x105

goroutine 35 gp=0xc00028a1c0 m=nil [GC worker (idle), 14 minutes]:
runtime.gopark(0x148bb640b8b28?, 0x3?, 0x4?, 0xa?, 0x0?)
	C:/Program Files/Go/src/runtime/proc.go:460 +0xce fp=0xc000293f38 sp=0xc000293f18 pc=0x7ff762c5b8ae
runtime.gcBgMarkWorker(0xc0000b47e0)
	C:/Program Files/Go/src/runtime/mgc.go:1463 +0xeb fp=0xc000293fc8 sp=0xc000293f38 pc=0x7ff762c0304b
runtime.gcBgMarkStartWorkers.gowrap1()
	C:/Program Files/Go/src/runtime/mgc.go:1373 +0x25 fp=0xc000293fe0 sp=0xc000293fc8 pc=0x7ff762c02f25
runtime.goexit({})
	C:/Program Files/Go/src/runtime/asm_amd64.s:1693 +0x1 fp=0xc000293fe8 sp=0xc000293fe0 pc=0x7ff762c639a1
created by runtime.gcBgMarkStartWorkers in goroutine 19
	C:/Program Files/Go/src/runtime/mgc.go:1373 +0x105

goroutine 36 gp=0xc00028a380 m=nil [GC worker (idle), 14 minutes]:
runtime.gopark(0x148bb640b8b28?, 0x3?, 0x24?, 0xd0?, 0x0?)
	C:/Program Files/Go/src/runtime/proc.go:460 +0xce fp=0xc00028df38 sp=0xc00028df18 pc=0x7ff762c5b8ae
runtime.gcBgMarkWorker(0xc0000b47e0)
	C:/Program Files/Go/src/runtime/mgc.go:1463 +0xeb fp=0xc00028dfc8 sp=0xc00028df38 pc=0x7ff762c0304b
runtime.gcBgMarkStartWorkers.gowrap1()
	C:/Program Files/Go/src/runtime/mgc.go:1373 +0x25 fp=0xc00028dfe0 sp=0xc00028dfc8 pc=0x7ff762c02f25
runtime.goexit({})
	C:/Program Files/Go/src/runtime/asm_amd64.s:1693 +0x1 fp=0xc00028dfe8 sp=0xc00028dfe0 pc=0x7ff762c639a1
created by runtime.gcBgMarkStartWorkers in goroutine 19
	C:/Program Files/Go/src/runtime/mgc.go:1373 +0x105

goroutine 37 gp=0xc00028a540 m=nil [GC worker (idle)]:
runtime.gopark(0x149758d7cb508?, 0x1?, 0x20?, 0xd5?, 0x0?)
	C:/Program Files/Go/src/runtime/proc.go:460 +0xce fp=0xc00028ff38 sp=0xc00028ff18 pc=0x7ff762c5b8ae
runtime.gcBgMarkWorker(0xc0000b47e0)
	C:/Program Files/Go/src/runtime/mgc.go:1463 +0xeb fp=0xc00028ffc8 sp=0xc00028ff38 pc=0x7ff762c0304b
runtime.gcBgMarkStartWorkers.gowrap1()
	C:/Program Files/Go/src/runtime/mgc.go:1373 +0x25 fp=0xc00028ffe0 sp=0xc00028ffc8 pc=0x7ff762c02f25
runtime.goexit({})
	C:/Program Files/Go/src/runtime/asm_amd64.s:1693 +0x1 fp=0xc00028ffe8 sp=0xc00028ffe0 pc=0x7ff762c639a1
created by runtime.gcBgMarkStartWorkers in goroutine 19
	C:/Program Files/Go/src/runtime/mgc.go:1373 +0x105

goroutine 38 gp=0xc00028a700 m=nil [GC worker (idle), 14 minutes]:
runtime.gopark(0x7ff76381b260?, 0x1?, 0xdc?, 0x5?, 0x0?)
	C:/Program Files/Go/src/runtime/proc.go:460 +0xce fp=0xc00029bf38 sp=0xc00029bf18 pc=0x7ff762c5b8ae
runtime.gcBgMarkWorker(0xc0000b47e0)
	C:/Program Files/Go/src/runtime/mgc.go:1463 +0xeb fp=0xc00029bfc8 sp=0xc00029bf38 pc=0x7ff762c0304b
runtime.gcBgMarkStartWorkers.gowrap1()
	C:/Program Files/Go/src/runtime/mgc.go:1373 +0x25 fp=0xc00029bfe0 sp=0xc00029bfc8 pc=0x7ff762c02f25
runtime.goexit({})
	C:/Program Files/Go/src/runtime/asm_amd64.s:1693 +0x1 fp=0xc00029bfe8 sp=0xc00029bfe0 pc=0x7ff762c639a1
created by runtime.gcBgMarkStartWorkers in goroutine 19
	C:/Program Files/Go/src/runtime/mgc.go:1373 +0x105

goroutine 39 gp=0xc00028a8c0 m=nil [GC worker (idle)]:
runtime.gopark(0x7ff76381b260?, 0x1?, 0x20?, 0xd5?, 0x0?)
	C:/Program Files/Go/src/runtime/proc.go:460 +0xce fp=0xc00029df38 sp=0xc00029df18 pc=0x7ff762c5b8ae
runtime.gcBgMarkWorker(0xc0000b47e0)
	C:/Program Files/Go/src/runtime/mgc.go:1463 +0xeb fp=0xc00029dfc8 sp=0xc00029df38 pc=0x7ff762c0304b
runtime.gcBgMarkStartWorkers.gowrap1()
	C:/Program Files/Go/src/runtime/mgc.go:1373 +0x25 fp=0xc00029dfe0 sp=0xc00029dfc8 pc=0x7ff762c02f25
runtime.goexit({})
	C:/Program Files/Go/src/runtime/asm_amd64.s:1693 +0x1 fp=0xc00029dfe8 sp=0xc00029dfe0 pc=0x7ff762c639a1
created by runtime.gcBgMarkStartWorkers in goroutine 19
	C:/Program Files/Go/src/runtime/mgc.go:1373 +0x105

goroutine 40 gp=0xc00028aa80 m=nil [GC worker (idle), 14 minutes]:
runtime.gopark(0x148bb640b8b28?, 0x3?, 0xdc?, 0x6?, 0x0?)
	C:/Program Files/Go/src/runtime/proc.go:460 +0xce fp=0xc000297f38 sp=0xc000297f18 pc=0x7ff762c5b8ae
runtime.gcBgMarkWorker(0xc0000b47e0)
	C:/Program Files/Go/src/runtime/mgc.go:1463 +0xeb fp=0xc000297fc8 sp=0xc000297f38 pc=0x7ff762c0304b
runtime.gcBgMarkStartWorkers.gowrap1()
	C:/Program Files/Go/src/runtime/mgc.go:1373 +0x25 fp=0xc000297fe0 sp=0xc000297fc8 pc=0x7ff762c02f25
runtime.goexit({})
	C:/Program Files/Go/src/runtime/asm_amd64.s:1693 +0x1 fp=0xc000297fe8 sp=0xc000297fe0 pc=0x7ff762c639a1
created by runtime.gcBgMarkStartWorkers in goroutine 19
	C:/Program Files/Go/src/runtime/mgc.go:1373 +0x105

goroutine 41 gp=0xc00028ac40 m=nil [GC worker (idle), 14 minutes]:
runtime.gopark(0x148bb64228530?, 0x3?, 0xa0?, 0xef?, 0x0?)
	C:/Program Files/Go/src/runtime/proc.go:460 +0xce fp=0xc000299f38 sp=0xc000299f18 pc=0x7ff762c5b8ae
runtime.gcBgMarkWorker(0xc0000b47e0)
	C:/Program Files/Go/src/runtime/mgc.go:1463 +0xeb fp=0xc000299fc8 sp=0xc000299f38 pc=0x7ff762c0304b
runtime.gcBgMarkStartWorkers.gowrap1()
	C:/Program Files/Go/src/runtime/mgc.go:1373 +0x25 fp=0xc000299fe0 sp=0xc000299fc8 pc=0x7ff762c02f25
runtime.goexit({})
	C:/Program Files/Go/src/runtime/asm_amd64.s:1693 +0x1 fp=0xc000299fe8 sp=0xc000299fe0 pc=0x7ff762c639a1
created by runtime.gcBgMarkStartWorkers in goroutine 19
	C:/Program Files/Go/src/runtime/mgc.go:1373 +0x105

goroutine 42 gp=0xc00028ae00 m=nil [GC worker (idle), 14 minutes]:
runtime.gopark(0x148bb64228530?, 0x3?, 0xe8?, 0xc5?, 0x0?)
	C:/Program Files/Go/src/runtime/proc.go:460 +0xce fp=0xc0002a3f38 sp=0xc0002a3f18 pc=0x7ff762c5b8ae
runtime.gcBgMarkWorker(0xc0000b47e0)
	C:/Program Files/Go/src/runtime/mgc.go:1463 +0xeb fp=0xc0002a3fc8 sp=0xc0002a3f38 pc=0x7ff762c0304b
runtime.gcBgMarkStartWorkers.gowrap1()
	C:/Program Files/Go/src/runtime/mgc.go:1373 +0x25 fp=0xc0002a3fe0 sp=0xc0002a3fc8 pc=0x7ff762c02f25
runtime.goexit({})
	C:/Program Files/Go/src/runtime/asm_amd64.s:1693 +0x1 fp=0xc0002a3fe8 sp=0xc0002a3fe0 pc=0x7ff762c639a1
created by runtime.gcBgMarkStartWorkers in goroutine 19
	C:/Program Files/Go/src/runtime/mgc.go:1373 +0x105

goroutine 43 gp=0xc00028afc0 m=nil [GC worker (idle), 14 minutes]:
runtime.gopark(0x148bb64228530?, 0x3?, 0x50?, 0x7e?, 0x0?)
	C:/Program Files/Go/src/runtime/proc.go:460 +0xce fp=0xc0002a5f38 sp=0xc0002a5f18 pc=0x7ff762c5b8ae
runtime.gcBgMarkWorker(0xc0000b47e0)
	C:/Program Files/Go/src/runtime/mgc.go:1463 +0xeb fp=0xc0002a5fc8 sp=0xc0002a5f38 pc=0x7ff762c0304b
runtime.gcBgMarkStartWorkers.gowrap1()
	C:/Program Files/Go/src/runtime/mgc.go:1373 +0x25 fp=0xc0002a5fe0 sp=0xc0002a5fc8 pc=0x7ff762c02f25
runtime.goexit({})
	C:/Program Files/Go/src/runtime/asm_amd64.s:1693 +0x1 fp=0xc0002a5fe8 sp=0xc0002a5fe0 pc=0x7ff762c639a1
created by runtime.gcBgMarkStartWorkers in goroutine 19
	C:/Program Files/Go/src/runtime/mgc.go:1373 +0x105

goroutine 44 gp=0xc00028b180 m=nil [GC worker (idle), 14 minutes]:
runtime.gopark(0x148bb64228530?, 0x3?, 0x40?, 0x18?, 0x0?)
	C:/Program Files/Go/src/runtime/proc.go:460 +0xce fp=0xc00029ff38 sp=0xc00029ff18 pc=0x7ff762c5b8ae
runtime.gcBgMarkWorker(0xc0000b47e0)
	C:/Program Files/Go/src/runtime/mgc.go:1463 +0xeb fp=0xc00029ffc8 sp=0xc00029ff38 pc=0x7ff762c0304b
runtime.gcBgMarkStartWorkers.gowrap1()
	C:/Program Files/Go/src/runtime/mgc.go:1373 +0x25 fp=0xc00029ffe0 sp=0xc00029ffc8 pc=0x7ff762c02f25
runtime.goexit({})
	C:/Program Files/Go/src/runtime/asm_amd64.s:1693 +0x1 fp=0xc00029ffe8 sp=0xc00029ffe0 pc=0x7ff762c639a1
created by runtime.gcBgMarkStartWorkers in goroutine 19
	C:/Program Files/Go/src/runtime/mgc.go:1373 +0x105

goroutine 45 gp=0xc00028b340 m=nil [GC worker (idle), 14 minutes]:
runtime.gopark(0x148bb64228530?, 0x3?, 0x0?, 0x0?, 0x0?)
	C:/Program Files/Go/src/runtime/proc.go:460 +0xce fp=0xc0002a1f38 sp=0xc0002a1f18 pc=0x7ff762c5b8ae
runtime.gcBgMarkWorker(0xc0000b47e0)
	C:/Program Files/Go/src/runtime/mgc.go:1463 +0xeb fp=0xc0002a1fc8 sp=0xc0002a1f38 pc=0x7ff762c0304b
runtime.gcBgMarkStartWorkers.gowrap1()
	C:/Program Files/Go/src/runtime/mgc.go:1373 +0x25 fp=0xc0002a1fe0 sp=0xc0002a1fc8 pc=0x7ff762c02f25
runtime.goexit({})
	C:/Program Files/Go/src/runtime/asm_amd64.s:1693 +0x1 fp=0xc0002a1fe8 sp=0xc0002a1fe0 pc=0x7ff762c639a1
created by runtime.gcBgMarkStartWorkers in goroutine 19
	C:/Program Files/Go/src/runtime/mgc.go:1373 +0x105

goroutine 46 gp=0xc00028b500 m=nil [GC worker (idle), 14 minutes]:
runtime.gopark(0x7ff76381b260?, 0x1?, 0xc4?, 0xcc?, 0x0?)
	C:/Program Files/Go/src/runtime/proc.go:460 +0xce fp=0xc0002abf38 sp=0xc0002abf18 pc=0x7ff762c5b8ae
runtime.gcBgMarkWorker(0xc0000b47e0)
	C:/Program Files/Go/src/runtime/mgc.go:1463 +0xeb fp=0xc0002abfc8 sp=0xc0002abf38 pc=0x7ff762c0304b
runtime.gcBgMarkStartWorkers.gowrap1()
	C:/Program Files/Go/src/runtime/mgc.go:1373 +0x25 fp=0xc0002abfe0 sp=0xc0002abfc8 pc=0x7ff762c02f25
runtime.goexit({})
	C:/Program Files/Go/src/runtime/asm_amd64.s:1693 +0x1 fp=0xc0002abfe8 sp=0xc0002abfe0 pc=0x7ff762c639a1
created by runtime.gcBgMarkStartWorkers in goroutine 19
	C:/Program Files/Go/src/runtime/mgc.go:1373 +0x105

goroutine 47 gp=0xc00028b6c0 m=nil [GC worker (idle), 14 minutes]:
runtime.gopark(0x148bb640b8b28?, 0x3?, 0x68?, 0xfd?, 0x0?)
	C:/Program Files/Go/src/runtime/proc.go:460 +0xce fp=0xc0002adf38 sp=0xc0002adf18 pc=0x7ff762c5b8ae
runtime.gcBgMarkWorker(0xc0000b47e0)
	C:/Program Files/Go/src/runtime/mgc.go:1463 +0xeb fp=0xc0002adfc8 sp=0xc0002adf38 pc=0x7ff762c0304b
runtime.gcBgMarkStartWorkers.gowrap1()
	C:/Program Files/Go/src/runtime/mgc.go:1373 +0x25 fp=0xc0002adfe0 sp=0xc0002adfc8 pc=0x7ff762c02f25
runtime.goexit({})
	C:/Program Files/Go/src/runtime/asm_amd64.s:1693 +0x1 fp=0xc0002adfe8 sp=0xc0002adfe0 pc=0x7ff762c639a1
created by runtime.gcBgMarkStartWorkers in goroutine 19
	C:/Program Files/Go/src/runtime/mgc.go:1373 +0x105

goroutine 48 gp=0xc00028b880 m=nil [GC worker (idle)]:
runtime.gopark(0x7ff76381b260?, 0x1?, 0x20?, 0xd5?, 0x0?)
	C:/Program Files/Go/src/runtime/proc.go:460 +0xce fp=0xc0002a7f38 sp=0xc0002a7f18 pc=0x7ff762c5b8ae
runtime.gcBgMarkWorker(0xc0000b47e0)
	C:/Program Files/Go/src/runtime/mgc.go:1463 +0xeb fp=0xc0002a7fc8 sp=0xc0002a7f38 pc=0x7ff762c0304b
runtime.gcBgMarkStartWorkers.gowrap1()
	C:/Program Files/Go/src/runtime/mgc.go:1373 +0x25 fp=0xc0002a7fe0 sp=0xc0002a7fc8 pc=0x7ff762c02f25
runtime.goexit({})
	C:/Program Files/Go/src/runtime/asm_amd64.s:1693 +0x1 fp=0xc0002a7fe8 sp=0xc0002a7fe0 pc=0x7ff762c639a1
created by runtime.gcBgMarkStartWorkers in goroutine 19
	C:/Program Files/Go/src/runtime/mgc.go:1373 +0x105

goroutine 49 gp=0xc00028ba40 m=nil [GC worker (idle), 14 minutes]:
runtime.gopark(0x148bb64228530?, 0x3?, 0x44?, 0x4d?, 0x0?)
	C:/Program Files/Go/src/runtime/proc.go:460 +0xce fp=0xc0002a9f38 sp=0xc0002a9f18 pc=0x7ff762c5b8ae
runtime.gcBgMarkWorker(0xc0000b47e0)
	C:/Program Files/Go/src/runtime/mgc.go:1463 +0xeb fp=0xc0002a9fc8 sp=0xc0002a9f38 pc=0x7ff762c0304b
runtime.gcBgMarkStartWorkers.gowrap1()
	C:/Program Files/Go/src/runtime/mgc.go:1373 +0x25 fp=0xc0002a9fe0 sp=0xc0002a9fc8 pc=0x7ff762c02f25
runtime.goexit({})
	C:/Program Files/Go/src/runtime/asm_amd64.s:1693 +0x1 fp=0xc0002a9fe8 sp=0xc0002a9fe0 pc=0x7ff762c639a1
created by runtime.gcBgMarkStartWorkers in goroutine 19
	C:/Program Files/Go/src/runtime/mgc.go:1373 +0x105

goroutine 50 gp=0xc00028bc00 m=nil [GC worker (idle), 14 minutes]:
runtime.gopark(0x148bb622cb138?, 0x3?, 0x3c?, 0x52?, 0x0?)
	C:/Program Files/Go/src/runtime/proc.go:460 +0xce fp=0xc0002b5f38 sp=0xc0002b5f18 pc=0x7ff762c5b8ae
runtime.gcBgMarkWorker(0xc0000b47e0)
	C:/Program Files/Go/src/runtime/mgc.go:1463 +0xeb fp=0xc0002b5fc8 sp=0xc0002b5f38 pc=0x7ff762c0304b
runtime.gcBgMarkStartWorkers.gowrap1()
	C:/Program Files/Go/src/runtime/mgc.go:1373 +0x25 fp=0xc0002b5fe0 sp=0xc0002b5fc8 pc=0x7ff762c02f25
runtime.goexit({})
	C:/Program Files/Go/src/runtime/asm_amd64.s:1693 +0x1 fp=0xc0002b5fe8 sp=0xc0002b5fe0 pc=0x7ff762c639a1
created by runtime.gcBgMarkStartWorkers in goroutine 19
	C:/Program Files/Go/src/runtime/mgc.go:1373 +0x105

goroutine 51 gp=0xc00028bdc0 m=nil [GC worker (idle)]:
runtime.gopark(0x7ff76381b260?, 0x1?, 0x20?, 0xd5?, 0x0?)
	C:/Program Files/Go/src/runtime/proc.go:460 +0xce fp=0xc0002b7f38 sp=0xc0002b7f18 pc=0x7ff762c5b8ae
runtime.gcBgMarkWorker(0xc0000b47e0)
	C:/Program Files/Go/src/runtime/mgc.go:1463 +0xeb fp=0xc0002b7fc8 sp=0xc0002b7f38 pc=0x7ff762c0304b
runtime.gcBgMarkStartWorkers.gowrap1()
	C:/Program Files/Go/src/runtime/mgc.go:1373 +0x25 fp=0xc0002b7fe0 sp=0xc0002b7fc8 pc=0x7ff762c02f25
runtime.goexit({})
	C:/Program Files/Go/src/runtime/asm_amd64.s:1693 +0x1 fp=0xc0002b7fe8 sp=0xc0002b7fe0 pc=0x7ff762c639a1
created by runtime.gcBgMarkStartWorkers in goroutine 19
	C:/Program Files/Go/src/runtime/mgc.go:1373 +0x105

goroutine 52 gp=0xc0002ba000 m=nil [GC worker (idle), 14 minutes]:
runtime.gopark(0x148bb64228530?, 0x1?, 0xf0?, 0x2e?, 0x0?)
	C:/Program Files/Go/src/runtime/proc.go:460 +0xce fp=0xc0002b1f38 sp=0xc0002b1f18 pc=0x7ff762c5b8ae
runtime.gcBgMarkWorker(0xc0000b47e0)
	C:/Program Files/Go/src/runtime/mgc.go:1463 +0xeb fp=0xc0002b1fc8 sp=0xc0002b1f38 pc=0x7ff762c0304b
runtime.gcBgMarkStartWorkers.gowrap1()
	C:/Program Files/Go/src/runtime/mgc.go:1373 +0x25 fp=0xc0002b1fe0 sp=0xc0002b1fc8 pc=0x7ff762c02f25
runtime.goexit({})
	C:/Program Files/Go/src/runtime/asm_amd64.s:1693 +0x1 fp=0xc0002b1fe8 sp=0xc0002b1fe0 pc=0x7ff762c639a1
created by runtime.gcBgMarkStartWorkers in goroutine 19
	C:/Program Files/Go/src/runtime/mgc.go:1373 +0x105

goroutine 53 gp=0xc0002ba1c0 m=nil [GC worker (idle)]:
runtime.gopark(0x7ff76381b260?, 0x1?, 0x20?, 0xd5?, 0x0?)
	C:/Program Files/Go/src/runtime/proc.go:460 +0xce fp=0xc0002b3f38 sp=0xc0002b3f18 pc=0x7ff762c5b8ae
runtime.gcBgMarkWorker(0xc0000b47e0)
	C:/Program Files/Go/src/runtime/mgc.go:1463 +0xeb fp=0xc0002b3fc8 sp=0xc0002b3f38 pc=0x7ff762c0304b
runtime.gcBgMarkStartWorkers.gowrap1()
	C:/Program Files/Go/src/runtime/mgc.go:1373 +0x25 fp=0xc0002b3fe0 sp=0xc0002b3fc8 pc=0x7ff762c02f25
runtime.goexit({})
	C:/Program Files/Go/src/runtime/asm_amd64.s:1693 +0x1 fp=0xc0002b3fe8 sp=0xc0002b3fe0 pc=0x7ff762c639a1
created by runtime.gcBgMarkStartWorkers in goroutine 19
	C:/Program Files/Go/src/runtime/mgc.go:1373 +0x105

goroutine 54 gp=0xc0002ba380 m=nil [GC worker (idle), 14 minutes]:
runtime.gopark(0x148bb64228530?, 0x3?, 0x40?, 0x14?, 0x0?)
	C:/Program Files/Go/src/runtime/proc.go:460 +0xce fp=0xc0002c1f38 sp=0xc0002c1f18 pc=0x7ff762c5b8ae
runtime.gcBgMarkWorker(0xc0000b47e0)
	C:/Program Files/Go/src/runtime/mgc.go:1463 +0xeb fp=0xc0002c1fc8 sp=0xc0002c1f38 pc=0x7ff762c0304b
runtime.gcBgMarkStartWorkers.gowrap1()
	C:/Program Files/Go/src/runtime/mgc.go:1373 +0x25 fp=0xc0002c1fe0 sp=0xc0002c1fc8 pc=0x7ff762c02f25
runtime.goexit({})
	C:/Program Files/Go/src/runtime/asm_amd64.s:1693 +0x1 fp=0xc0002c1fe8 sp=0xc0002c1fe0 pc=0x7ff762c639a1
created by runtime.gcBgMarkStartWorkers in goroutine 19
	C:/Program Files/Go/src/runtime/mgc.go:1373 +0x105

goroutine 55 gp=0xc0002ba540 m=nil [GC worker (idle), 14 minutes]:
runtime.gopark(0x148bb64228530?, 0x3?, 0x8?, 0xfb?, 0x0?)
	C:/Program Files/Go/src/runtime/proc.go:460 +0xce fp=0xc0002c3f38 sp=0xc0002c3f18 pc=0x7ff762c5b8ae
runtime.gcBgMarkWorker(0xc0000b47e0)
	C:/Program Files/Go/src/runtime/mgc.go:1463 +0xeb fp=0xc0002c3fc8 sp=0xc0002c3f38 pc=0x7ff762c0304b
runtime.gcBgMarkStartWorkers.gowrap1()
	C:/Program Files/Go/src/runtime/mgc.go:1373 +0x25 fp=0xc0002c3fe0 sp=0xc0002c3fc8 pc=0x7ff762c02f25
runtime.goexit({})
	C:/Program Files/Go/src/runtime/asm_amd64.s:1693 +0x1 fp=0xc0002c3fe8 sp=0xc0002c3fe0 pc=0x7ff762c639a1
created by runtime.gcBgMarkStartWorkers in goroutine 19
	C:/Program Files/Go/src/runtime/mgc.go:1373 +0x105

goroutine 56 gp=0xc0002ba700 m=nil [GC worker (idle)]:
runtime.gopark(0x7ff76381b260?, 0x1?, 0x20?, 0xd5?, 0x0?)
	C:/Program Files/Go/src/runtime/proc.go:460 +0xce fp=0xc0002bdf38 sp=0xc0002bdf18 pc=0x7ff762c5b8ae
runtime.gcBgMarkWorker(0xc0000b47e0)
	C:/Program Files/Go/src/runtime/mgc.go:1463 +0xeb fp=0xc0002bdfc8 sp=0xc0002bdf38 pc=0x7ff762c0304b
runtime.gcBgMarkStartWorkers.gowrap1()
	C:/Program Files/Go/src/runtime/mgc.go:1373 +0x25 fp=0xc0002bdfe0 sp=0xc0002bdfc8 pc=0x7ff762c02f25
runtime.goexit({})
	C:/Program Files/Go/src/runtime/asm_amd64.s:1693 +0x1 fp=0xc0002bdfe8 sp=0xc0002bdfe0 pc=0x7ff762c639a1
created by runtime.gcBgMarkStartWorkers in goroutine 19
	C:/Program Files/Go/src/runtime/mgc.go:1373 +0x105

goroutine 57 gp=0xc0002ba8c0 m=nil [GC worker (idle), 14 minutes]:
runtime.gopark(0x148bb63fc40b4?, 0x3?, 0xb0?, 0x9d?, 0x0?)
	C:/Program Files/Go/src/runtime/proc.go:460 +0xce fp=0xc0002bff38 sp=0xc0002bff18 pc=0x7ff762c5b8ae
runtime.gcBgMarkWorker(0xc0000b47e0)
	C:/Program Files/Go/src/runtime/mgc.go:1463 +0xeb fp=0xc0002bffc8 sp=0xc0002bff38 pc=0x7ff762c0304b
runtime.gcBgMarkStartWorkers.gowrap1()
	C:/Program Files/Go/src/runtime/mgc.go:1373 +0x25 fp=0xc0002bffe0 sp=0xc0002bffc8 pc=0x7ff762c02f25
runtime.goexit({})
	C:/Program Files/Go/src/runtime/asm_amd64.s:1693 +0x1 fp=0xc0002bffe8 sp=0xc0002bffe0 pc=0x7ff762c639a1
created by runtime.gcBgMarkStartWorkers in goroutine 19
	C:/Program Files/Go/src/runtime/mgc.go:1373 +0x105
FAIL	github.com/n42blockchain/N42/internal/mptproof	1137.348s
FAIL
